#! /usr/local/bin/vvp
:ivl_version "12.0 (stable)";
:ivl_delay_selection "TYPICAL";
:vpi_time_precision - 9;
:vpi_module "/usr/local/lib/ivl/system.vpi";
:vpi_module "/usr/local/lib/ivl/vhdl_sys.vpi";
:vpi_module "/usr/local/lib/ivl/vhdl_textio.vpi";
:vpi_module "/usr/local/lib/ivl/v2005_math.vpi";
:vpi_module "/usr/local/lib/ivl/va_math.vpi";
:vpi_module "/usr/local/lib/ivl/v2009.vpi";
S_0x23451870 .scope package, "$unit" "$unit" 2 1;
 .timescale 0 0;
S_0x234514c0 .scope module, "tb" "tb" 3 6;
 .timescale -9 -9;
v0x23478ba0_0 .var "clk100", 0 0;
v0x23478c90_0 .net "clk25", 0 0, v0x23478410_0;  1 drivers
v0x23478da0_0 .net "clk50", 0 0, v0x23477d70_0;  1 drivers
v0x23478e40_0 .var "reset", 0 0;
S_0x234623d0 .scope module, "dut" "freq_divider" 3 12, 4 17 0, S_0x234514c0;
 .timescale 0 0;
    .port_info 0 /INPUT 1 "clk_100mhz";
    .port_info 1 /INPUT 1 "reset";
    .port_info 2 /OUTPUT 1 "q0";
    .port_info 3 /OUTPUT 1 "q1";
L_0x23478ee0 .functor NOT 1, v0x23477d70_0, C4<0>, C4<0>, C4<0>;
L_0x23479030 .functor NOT 1, v0x23478410_0, C4<0>, C4<0>, C4<0>;
v0x23478640_0 .net "clk_100mhz", 0 0, v0x23478ba0_0;  1 drivers
v0x23478700_0 .net "d0", 0 0, L_0x23478ee0;  1 drivers
v0x234787d0_0 .net "d1", 0 0, L_0x23479030;  1 drivers
v0x234788d0_0 .net "q0", 0 0, v0x23477d70_0;  alias, 1 drivers
v0x234789c0_0 .net "q1", 0 0, v0x23478410_0;  alias, 1 drivers
v0x23478ab0_0 .net "reset", 0 0, v0x23478e40_0;  1 drivers
S_0x23462620 .scope module, "dff0" "dff" 4 28, 4 2 0, S_0x234623d0;
 .timescale 0 0;
    .port_info 0 /INPUT 1 "d";
    .port_info 1 /INPUT 1 "clk";
    .port_info 2 /INPUT 1 "reset";
    .port_info 3 /OUTPUT 1 "q";
v0x23464870_0 .net "clk", 0 0, v0x23478ba0_0;  alias, 1 drivers
v0x23477cb0_0 .net "d", 0 0, L_0x23478ee0;  alias, 1 drivers
v0x23477d70_0 .var "q", 0 0;
v0x23477e40_0 .net "reset", 0 0, v0x23478e40_0;  alias, 1 drivers
E_0x2342b370 .event posedge, v0x23477e40_0, v0x23464870_0;
S_0x23477fb0 .scope module, "dff1" "dff" 4 35, 4 2 0, S_0x234623d0;
 .timescale 0 0;
    .port_info 0 /INPUT 1 "d";
    .port_info 1 /INPUT 1 "clk";
    .port_info 2 /INPUT 1 "reset";
    .port_info 3 /OUTPUT 1 "q";
v0x23478280_0 .net "clk", 0 0, v0x23477d70_0;  alias, 1 drivers
v0x23478370_0 .net "d", 0 0, L_0x23479030;  alias, 1 drivers
v0x23478410_0 .var "q", 0 0;
v0x234784e0_0 .net "reset", 0 0, v0x23478e40_0;  alias, 1 drivers
E_0x23478220 .event posedge, v0x23477e40_0, v0x23477d70_0;
    .scope S_0x23462620;
T_0 ;
    %wait E_0x2342b370;
    %load/vec4 v0x23477e40_0;
    %pad/u 32;
    %cmpi/e 1, 0, 32;
    %jmp/0xz  T_0.0, 4;
    %pushi/vec4 0, 0, 1;
    %assign/vec4 v0x23477d70_0, 0;
    %jmp T_0.1;
T_0.0 ;
    %load/vec4 v0x23477cb0_0;
    %assign/vec4 v0x23477d70_0, 0;
T_0.1 ;
    %jmp T_0;
    .thread T_0;
    .scope S_0x23477fb0;
T_1 ;
    %wait E_0x23478220;
    %load/vec4 v0x234784e0_0;
    %pad/u 32;
    %cmpi/e 1, 0, 32;
    %jmp/0xz  T_1.0, 4;
    %pushi/vec4 0, 0, 1;
    %assign/vec4 v0x23478410_0, 0;
    %jmp T_1.1;
T_1.0 ;
    %load/vec4 v0x23478370_0;
    %assign/vec4 v0x23478410_0, 0;
T_1.1 ;
    %jmp T_1;
    .thread T_1;
    .scope S_0x234514c0;
T_2 ;
    %pushi/vec4 0, 0, 1;
    %store/vec4 v0x23478ba0_0, 0, 1;
    %pushi/vec4 0, 0, 1;
    %store/vec4 v0x23478e40_0, 0, 1;
    %end;
    .thread T_2, $init;
    .scope S_0x234514c0;
T_3 ;
    %delay 5, 0;
    %load/vec4 v0x23478ba0_0;
    %inv;
    %store/vec4 v0x23478ba0_0, 0, 1;
    %jmp T_3;
    .thread T_3;
    .scope S_0x234514c0;
T_4 ;
    %delay 1, 0;
    %pushi/vec4 1, 0, 1;
    %store/vec4 v0x23478e40_0, 0, 1;
    %delay 20, 0;
    %pushi/vec4 0, 0, 1;
    %store/vec4 v0x23478e40_0, 0, 1;
    %delay 500, 0;
    %vpi_call/w 3 32 "$finish" {0 0 0};
    %end;
    .thread T_4;
    .scope S_0x234514c0;
T_5 ;
    %vpi_call/w 3 35 "$dumpfile", "freq_divider.vcd" {0 0 0};
    %vpi_call/w 3 38 "$dumpvars", 32'sb00000000000000000000000000000001, S_0x234514c0 {0 0 0};
    %end;
    .thread T_5;
# The file index is used to find the file name in the following table.
:file_names 5;
    "N/A";
    "<interactive>";
    "-";
    "testbench.sv";
    "design.sv";
